// Jest Snapshot v1, https://goo.gl/fbAQLP

exports[`SwapMath #computeSwapStep gas swap one for zero exact in capped 1`] = `1409`;

exports[`SwapMath #computeSwapStep gas swap one for zero exact in partial 1`] = `1571`;

exports[`SwapMath #computeSwapStep gas swap one for zero exact out capped 1`] = `1235`;

exports[`SwapMath #computeSwapStep gas swap one for zero exact out partial 1`] = `1571`;

exports[`SwapMath #computeSwapStep gas swap zero for one exact in capped 1`] = `1445`;

exports[`SwapMath #computeSwapStep gas swap zero for one exact in partial 1`] = `2747`;

exports[`SwapMath #computeSwapStep gas swap zero for one exact out capped 1`] = `1379`;

exports[`SwapMath #computeSwapStep gas swap zero for one exact out partial 1`] = `2747`;
