// Jest Snapshot v1, https://goo.gl/fbAQLP

exports[`UniswapV3Pool gas tests fee is off #burn above current price burn entire position after some time passes 1`] = `779227`;

exports[`UniswapV3Pool gas tests fee is off #burn above current price burn when only position using ticks 1`] = `779227`;

exports[`UniswapV3Pool gas tests fee is off #burn above current price entire position burn but other positions are using the ticks 1`] = `728357`;

exports[`UniswapV3Pool gas tests fee is off #burn above current price partial position burn 1`] = `728357`;

exports[`UniswapV3Pool gas tests fee is off #burn around current price burn entire position after some time passes 1`] = `808885`;

exports[`UniswapV3Pool gas tests fee is off #burn around current price burn when only position using ticks 1`] = `798122`;

exports[`UniswapV3Pool gas tests fee is off #burn around current price entire position burn but other positions are using the ticks 1`] = `739092`;

exports[`UniswapV3Pool gas tests fee is off #burn around current price partial position burn 1`] = `739092`;

exports[`UniswapV3Pool gas tests fee is off #burn below current price burn entire position after some time passes 1`] = `790072`;

exports[`UniswapV3Pool gas tests fee is off #burn below current price burn when only position using ticks 1`] = `790072`;

exports[`UniswapV3Pool gas tests fee is off #burn below current price entire position burn but other positions are using the ticks 1`] = `728322`;

exports[`UniswapV3Pool gas tests fee is off #burn below current price partial position burn 1`] = `728322`;

exports[`UniswapV3Pool gas tests fee is off #collect close to worst case 1`] = `696587`;

exports[`UniswapV3Pool gas tests fee is off #increaseObservationCardinalityNext grow by 1 slot 1`] = `682961`;

exports[`UniswapV3Pool gas tests fee is off #increaseObservationCardinalityNext no op 1`] = `671414`;

exports[`UniswapV3Pool gas tests fee is off #mint above current price add to position after some time passes 1`] = `769720`;

exports[`UniswapV3Pool gas tests fee is off #mint above current price add to position existing 1`] = `769720`;

exports[`UniswapV3Pool gas tests fee is off #mint above current price new position mint first in range 1`] = `808718`;

exports[`UniswapV3Pool gas tests fee is off #mint above current price second position in same range 1`] = `771352`;

exports[`UniswapV3Pool gas tests fee is off #mint around current price add to position after some time passes 1`] = `831488`;

exports[`UniswapV3Pool gas tests fee is off #mint around current price add to position existing 1`] = `820719`;

exports[`UniswapV3Pool gas tests fee is off #mint around current price new position mint first in range 1`] = `894293`;

exports[`UniswapV3Pool gas tests fee is off #mint around current price second position in same range 1`] = `822351`;

exports[`UniswapV3Pool gas tests fee is off #mint below current price add to position after some time passes 1`] = `769702`;

exports[`UniswapV3Pool gas tests fee is off #mint below current price add to position existing 1`] = `769702`;

exports[`UniswapV3Pool gas tests fee is off #mint below current price new position mint first in range 1`] = `847610`;

exports[`UniswapV3Pool gas tests fee is off #mint below current price second position in same range 1`] = `771334`;

exports[`UniswapV3Pool gas tests fee is off #poke best case 1`] = `683422`;

exports[`UniswapV3Pool gas tests fee is off #snapshotCumulativesInside tick above 1`] = `80000000`;

exports[`UniswapV3Pool gas tests fee is off #snapshotCumulativesInside tick below 1`] = `80000000`;

exports[`UniswapV3Pool gas tests fee is off #snapshotCumulativesInside tick inside 1`] = `80000000`;

exports[`UniswapV3Pool gas tests fee is off #swapExact0For1 first swap in block moves tick, no initialized crossings 1`] = `784235`;

exports[`UniswapV3Pool gas tests fee is off #swapExact0For1 first swap in block with no tick movement 1`] = `766291`;

exports[`UniswapV3Pool gas tests fee is off #swapExact0For1 first swap in block, large swap crossing a single initialized tick 1`] = `823236`;

exports[`UniswapV3Pool gas tests fee is off #swapExact0For1 first swap in block, large swap crossing several initialized ticks 1`] = `909641`;

exports[`UniswapV3Pool gas tests fee is off #swapExact0For1 first swap in block, large swap, no initialized crossings 1`] = `804395`;

exports[`UniswapV3Pool gas tests fee is off #swapExact0For1 large swap crossing several initialized ticks after some time passes 1`] = `909641`;

exports[`UniswapV3Pool gas tests fee is off #swapExact0For1 large swap crossing several initialized ticks second time after some time passes 1`] = `909641`;

exports[`UniswapV3Pool gas tests fee is off #swapExact0For1 second swap in block moves tick, no initialized crossings 1`] = `784235`;

exports[`UniswapV3Pool gas tests fee is off #swapExact0For1 second swap in block with no tick movement 1`] = `766381`;

exports[`UniswapV3Pool gas tests fee is off #swapExact0For1 second swap in block, large swap crossing a single initialized tick 1`] = `805251`;

exports[`UniswapV3Pool gas tests fee is off #swapExact0For1 second swap in block, large swap crossing several initialized ticks 1`] = `891656`;

exports[`UniswapV3Pool gas tests fee is on #burn above current price burn entire position after some time passes 1`] = `779227`;

exports[`UniswapV3Pool gas tests fee is on #burn above current price burn when only position using ticks 1`] = `779227`;

exports[`UniswapV3Pool gas tests fee is on #burn above current price entire position burn but other positions are using the ticks 1`] = `728357`;

exports[`UniswapV3Pool gas tests fee is on #burn above current price partial position burn 1`] = `728357`;

exports[`UniswapV3Pool gas tests fee is on #burn around current price burn entire position after some time passes 1`] = `808885`;

exports[`UniswapV3Pool gas tests fee is on #burn around current price burn when only position using ticks 1`] = `798122`;

exports[`UniswapV3Pool gas tests fee is on #burn around current price entire position burn but other positions are using the ticks 1`] = `739092`;

exports[`UniswapV3Pool gas tests fee is on #burn around current price partial position burn 1`] = `739092`;

exports[`UniswapV3Pool gas tests fee is on #burn below current price burn entire position after some time passes 1`] = `790072`;

exports[`UniswapV3Pool gas tests fee is on #burn below current price burn when only position using ticks 1`] = `790072`;

exports[`UniswapV3Pool gas tests fee is on #burn below current price entire position burn but other positions are using the ticks 1`] = `728322`;

exports[`UniswapV3Pool gas tests fee is on #burn below current price partial position burn 1`] = `728322`;

exports[`UniswapV3Pool gas tests fee is on #collect close to worst case 1`] = `696587`;

exports[`UniswapV3Pool gas tests fee is on #increaseObservationCardinalityNext grow by 1 slot 1`] = `682961`;

exports[`UniswapV3Pool gas tests fee is on #increaseObservationCardinalityNext no op 1`] = `671414`;

exports[`UniswapV3Pool gas tests fee is on #mint above current price add to position after some time passes 1`] = `769720`;

exports[`UniswapV3Pool gas tests fee is on #mint above current price add to position existing 1`] = `769720`;

exports[`UniswapV3Pool gas tests fee is on #mint above current price new position mint first in range 1`] = `808718`;

exports[`UniswapV3Pool gas tests fee is on #mint above current price second position in same range 1`] = `771352`;

exports[`UniswapV3Pool gas tests fee is on #mint around current price add to position after some time passes 1`] = `831488`;

exports[`UniswapV3Pool gas tests fee is on #mint around current price add to position existing 1`] = `820719`;

exports[`UniswapV3Pool gas tests fee is on #mint around current price new position mint first in range 1`] = `894293`;

exports[`UniswapV3Pool gas tests fee is on #mint around current price second position in same range 1`] = `822351`;

exports[`UniswapV3Pool gas tests fee is on #mint below current price add to position after some time passes 1`] = `769558`;

exports[`UniswapV3Pool gas tests fee is on #mint below current price add to position existing 1`] = `769702`;

exports[`UniswapV3Pool gas tests fee is on #mint below current price new position mint first in range 1`] = `847610`;

exports[`UniswapV3Pool gas tests fee is on #mint below current price second position in same range 1`] = `771334`;

exports[`UniswapV3Pool gas tests fee is on #poke best case 1`] = `683422`;

exports[`UniswapV3Pool gas tests fee is on #snapshotCumulativesInside tick above 1`] = `80000000`;

exports[`UniswapV3Pool gas tests fee is on #snapshotCumulativesInside tick below 1`] = `80000000`;

exports[`UniswapV3Pool gas tests fee is on #snapshotCumulativesInside tick inside 1`] = `80000000`;

exports[`UniswapV3Pool gas tests fee is on #swapExact0For1 first swap in block moves tick, no initialized crossings 1`] = `790790`;

exports[`UniswapV3Pool gas tests fee is on #swapExact0For1 first swap in block with no tick movement 1`] = `772776`;

exports[`UniswapV3Pool gas tests fee is on #swapExact0For1 first swap in block, large swap crossing a single initialized tick 1`] = `829861`;

exports[`UniswapV3Pool gas tests fee is on #swapExact0For1 first swap in block, large swap crossing several initialized ticks 1`] = `916476`;

exports[`UniswapV3Pool gas tests fee is on #swapExact0For1 first swap in block, large swap, no initialized crossings 1`] = `811090`;

exports[`UniswapV3Pool gas tests fee is on #swapExact0For1 large swap crossing several initialized ticks after some time passes 1`] = `916476`;

exports[`UniswapV3Pool gas tests fee is on #swapExact0For1 large swap crossing several initialized ticks second time after some time passes 1`] = `916476`;

exports[`UniswapV3Pool gas tests fee is on #swapExact0For1 second swap in block moves tick, no initialized crossings 1`] = `790790`;

exports[`UniswapV3Pool gas tests fee is on #swapExact0For1 second swap in block with no tick movement 1`] = `772866`;

exports[`UniswapV3Pool gas tests fee is on #swapExact0For1 second swap in block, large swap crossing a single initialized tick 1`] = `811662`;

exports[`UniswapV3Pool gas tests fee is on #swapExact0For1 second swap in block, large swap crossing several initialized ticks 1`] = `898421`;
