// Jest Snapshot v1, https://goo.gl/fbAQLP

exports[`UniswapV3Factory #createPool gas 1`] = `828611`;

exports[`UniswapV3Factory factory bytecode size 1`] = `32`;

exports[`UniswapV3Factory pool bytecode size 1`] = `32`;
